#1 [internal] load local bake definitions
#1 reading from stdin 614B 0.0s done
#1 DONE 0.0s

#2 [internal] load build definition from Dockerfile
#2 transferring dockerfile: 2.16kB done
#2 DONE 0.0s

#3 [internal] load metadata for docker.io/library/python:3.11-slim
#3 ...

#4 [auth] library/node:pull token for registry-1.docker.io
#4 DONE 0.0s

#5 [auth] library/python:pull token for registry-1.docker.io
#5 DONE 0.0s

#6 [internal] load metadata for docker.io/library/node:18-slim
#6 ...

#3 [internal] load metadata for docker.io/library/python:3.11-slim
#3 DONE 1.3s

#6 [internal] load metadata for docker.io/library/node:18-slim
#6 DONE 1.3s

#7 [internal] load .dockerignore
#7 transferring context: 903B 0.0s done
#7 DONE 0.0s

#8 [stage-1  1/11] FROM docker.io/library/python:3.11-slim@sha256:8eb5fc663972b871c528fef04be4eaa9ab8ab4539a5316c4b8c133771214a617
#8 resolve docker.io/library/python:3.11-slim@sha256:8eb5fc663972b871c528fef04be4eaa9ab8ab4539a5316c4b8c133771214a617 0.0s done
#8 DONE 0.0s

#9 [frontend-builder 1/6] FROM docker.io/library/node:18-slim@sha256:f9ab18e354e6855ae56ef2b290dd225c1e51a564f87584b9bd21dd651838830e
#9 resolve docker.io/library/node:18-slim@sha256:f9ab18e354e6855ae56ef2b290dd225c1e51a564f87584b9bd21dd651838830e 0.0s done
#9 DONE 0.0s

#10 [internal] load build context
#10 transferring context: 2.83MB 1.9s done
#10 DONE 2.0s

#11 [frontend-builder 2/6] WORKDIR /frontend
#11 CACHED

#12 [frontend-builder 3/6] COPY Frontend/package*.json ./
#12 CACHED

#13 [stage-1  5/11] RUN pip install --no-cache-dir -r requirements.txt
#13 CACHED

#14 [stage-1  4/11] COPY requirements.txt .
#14 CACHED

#15 [stage-1  2/11] RUN apt-get update && apt-get install -y     curl     libmagic1     && rm -rf /var/lib/apt/lists/*     && apt-get clean
#15 CACHED

#16 [stage-1  3/11] WORKDIR /app
#16 CACHED

#17 [stage-1  6/11] RUN pip install requests
#17 CACHED

#18 [frontend-builder 4/6] RUN npm ci --legacy-peer-deps --no-audit --no-fund --production=false
#18 CACHED

#19 [stage-1  7/11] COPY app/ ./app/
#19 DONE 0.1s

#20 [frontend-builder 5/6] COPY Frontend/ ./
#20 DONE 13.4s

#21 [frontend-builder 6/6] RUN npm run build
#21 0.949 
#21 0.949 > vite_react_shadcn_ts@0.0.0 build
#21 0.949 > vite build
#21 0.949 
#21 1.251 vite v5.4.19 building for production...
#21 1.534 transforming...
#21 7.678 Γ£ô 2436 modules transformed.
#21 8.140 rendering chunks...
#21 8.429 computing gzip size...
#21 8.464 dist/index.html                   1.13 kB Γöé gzip:   0.48 kB
#21 8.464 dist/assets/index-Cyk1vE_3.css   88.61 kB Γöé gzip:  14.75 kB
#21 8.464 dist/assets/utils-D5HlhAKn.js     1.66 kB Γöé gzip:   0.80 kB
#21 8.464 dist/assets/ui-B7SG4Ddu.js      107.87 kB Γöé gzip:  34.09 kB
#21 8.464 dist/assets/vendor-CKMaZ_2s.js  141.49 kB Γöé gzip:  45.47 kB
#21 8.464 dist/assets/index-13Rwl6OZ.js   868.71 kB Γöé gzip: 235.85 kB
#21 8.464 
#21 8.464 (!) Some chunks are larger than 500 kB after minification. Consider:
#21 8.464 - Using dynamic import() to code-split the application
#21 8.464 - Use build.rollupOptions.output.manualChunks to improve chunking: https://rollupjs.org/configuration-options/#output-manualchunks
#21 8.464 - Adjust chunk size limit for this warning via build.chunkSizeWarningLimit.
#21 8.464 Γ£ô built in 6.95s
#21 DONE 8.6s

#22 [stage-1  8/11] COPY --from=frontend-builder /frontend/dist ./static
#22 DONE 0.1s

#23 [stage-1  9/11] COPY tests/init_test_users.py ./tests/init_test_users.py
#23 DONE 0.1s

#24 [stage-1 10/11] RUN chmod -R 755 ./static &&     mkdir -p uploads data logs &&     chmod 755 uploads data logs     && mkdir -p /data && chmod 777 /data
#24 DONE 0.7s

#25 [stage-1 11/11] RUN echo '#!/bin/bash\nset -e\necho "=== ELIOR FITNESS STARTUP ==="\necho "Time: $(date)"\necho "Environment: $ENVIRONMENT"\necho "Port: $PORT"\necho "Checking static files..."\nls -la ./static/\necho "Skipping test user initialization (manual setup required)"\necho "Starting FastAPI on port $PORT..."\nexec uvicorn app.main:app --host 0.0.0.0 --port ${PORT:-8000} --workers 1\n' > /app/start.sh && chmod +x /app/start.sh
#25 DONE 0.3s

#26 exporting to image
#26 exporting layers
#26 exporting layers 0.4s done
#26 exporting manifest sha256:b9c3d83aae74f2f48763af7989533f3556077f9a90051b854e4584e9acca43f6 0.0s done
#26 exporting config sha256:dd553160e7560bdd87afe584c82d0a6faa10bce60b68b3a842a5f72e0068e271 0.0s done
#26 exporting attestation manifest sha256:88d520fbf467e80c8eb535a0f3be3f17055fe1b9aae88dffaeea213930d34f34 0.0s done
#26 exporting manifest list sha256:691b79d11e789bf2c29ead58f655cbc4db0c51d80f79cc77324311c366abd7ae 0.0s done
#26 naming to docker.io/library/elior_fitness-elior-fitness:latest done
#26 unpacking to docker.io/library/elior_fitness-elior-fitness:latest
#26 unpacking to docker.io/library/elior_fitness-elior-fitness:latest 0.2s done
#26 DONE 0.8s

#27 resolving provenance for metadata file
#27 DONE 0.0s
docker-compose :  elior_fitness-elior-fitness  Built
At C:\Users\noamc\AppData\Local\Temp\ps-script-740442fb-b651-4bcb-ac3a-24a3c4260f6e.ps1:75 char:1
+ docker-compose up --build -d 2>&1 | Tee-Object -FilePath build_output ...
+ ~~~~~~~~~~~~~~~~~~~~~~~~~~~~~~~~~
    + CategoryInfo          : NotSpecified: ( elior_fitness-elior-fitness  Built:String) [], RemoteException
    + FullyQualifiedErrorId : NativeCommandError
 
 Network elior_fitness_default  Creating
 Network elior_fitness_default  Created
 Container elior_fitness-elior-fitness-1  Creating
 Container elior_fitness-elior-fitness-1  Created
 Container elior_fitness-elior-fitness-1  Starting
 Container elior_fitness-elior-fitness-1  Started
