docker-compose : python: can't open file '/app/tests/run_tests.py': [Errno 2] No such file or directory
At C:\Users\noamc\AppData\Local\Temp\ps-script-a35f892e-1a88-4114-a351-da187e62a1aa.ps1:85 char:1
+ docker-compose exec elior-fitness python tests/run_tests.py > logs/te ...
+ ~~~~~~~~~~~~~~~~~~~~~~~~~~~~~~~~~~~~~~~~~~~~~~~~~~~~~~~~~~~~~~~~~~~~~
    + CategoryInfo          : NotSpecified: (python: can't o...le or directory:String) [], RemoteException
    + FullyQualifiedErrorId : NativeCommandError
 
